// Jest Snapshot v1, https://goo.gl/fbAQLP

exports[`<ForgotPasswordPage /> renders correctly. 1`] = `
<Context.Provider
  value={
    Object {
      "isLoggedIn": false,
      "logIn": [Function],
      "signOut": [Function],
      "userInfo": undefined,
    }
  }
>
  <ForgotPasswordPage />
</Context.Provider>
`;
