// Jest Snapshot v1, https://goo.gl/fbAQLP

exports[`<MeasurementCard /> renders correctly. 1`] = `
<styled.div>
  <styled.div
    onClick={[Function]}
    selected={true}
  >
    <ForwardRef(SvgTemperatureIcon) />
  </styled.div>
  <styled.div
    onClick={[Function]}
    selected={false}
  >
    <ForwardRef(SvgHumidityIcon) />
  </styled.div>
  <styled.div
    onClick={[Function]}
    selected={false}
  >
    <ForwardRef(SvgLeafVpdIcon) />
  </styled.div>
  <styled.div
    onClick={[Function]}
    selected={false}
  >
    <ForwardRef(SvgVpdIcon) />
  </styled.div>
  <styled.div
    onClick={[Function]}
    selected={false}
  >
    <ForwardRef(SvgCo2Icon) />
  </styled.div>
  <styled.div
    onClick={[Function]}
    selected={false}
  >
    <ForwardRef(SvgAirflowIcon) />
  </styled.div>
  <styled.div
    onClick={[Function]}
    selected={false}
  >
    <ForwardRef(SvgPpfdIcon) />
  </styled.div>
  <styled.div
    onClick={[Function]}
    selected={false}
  >
    <ForwardRef(SvgLeafTemperatureIcon) />
  </styled.div>
</styled.div>
`;
