// Jest Snapshot v1, https://goo.gl/fbAQLP

exports[`<TeamCard /> deep renders correctly. 1`] = `
<div>
  <div
    className="container-center-horizontal"
  >
    <div
      className="teamcard screen"
    >
      <div
        className="sc-bczRLJ iahzGo"
      >
        <div
          className="sc-gsnTZi crCdMa"
        >
          <h1
            className="sc-dkzDqf jjMDAG"
          >
            AWS CDK Team
          </h1>
          <div
            className="sc-eCYdqJ cOVyoi"
          >
            <div
              className="sc-gKXOVf fEjCKH"
            >
              <div
                className="sc-jSMfEi HLfgd"
              >
                AWS
              </div>
            </div>
            <div
              className="sc-gKXOVf fEjCKH"
            >
              <div
                className="sc-jSMfEi HLfgd"
              >
                IaC
              </div>
            </div>
            <div
              className="sc-gKXOVf fEjCKH"
            >
              <div
                className="sc-jSMfEi HLfgd"
              >
                DevOps
              </div>
            </div>
          </div>
          <div
            className="sc-hKMtZM eGuSOs"
          >
            we are obsessed with AWS and building cool solutions for our customers ...
          </div>
        </div>
      </div>
      <div
        className="sc-iBkjds hVTIFc"
      >
        <div
          className="sc-ftvSup kehjnd"
        >
          <img
            className="sc-papXJ fzcPpE"
            src="https://i.pravatar.cc/300"
          />
          <div
            className="sc-jqUVSM iaQgZy"
          >
            <div
              className="sc-kDDrLX gddrLK"
            >
              Martin
            </div>
            <div
              className="sc-iqcoie dsTMCd"
            >
              - Senior AWS Cloud Engineer
            </div>
          </div>
        </div>
        <div
          className="sc-ftvSup kehjnd"
        >
          <img
            className="sc-papXJ fzcPpE"
            src="https://i.pravatar.cc/301"
          />
          <div
            className="sc-jqUVSM iaQgZy"
          >
            <div
              className="sc-kDDrLX gddrLK"
            >
              Ben-Hur
            </div>
            <div
              className="sc-iqcoie dsTMCd"
            >
              - Junior AWS Cloud Engineer
            </div>
          </div>
        </div>
      </div>
    </div>
    <hr />
  </div>
  <div
    className="container-center-horizontal"
  >
    <div
      className="teamcard screen"
    >
      <div
        className="sc-bczRLJ iahzGo"
      >
        <div
          className="sc-gsnTZi crCdMa"
        >
          <h1
            className="sc-dkzDqf jjMDAG"
          >
            Data Engineering Team
          </h1>
          <div
            className="sc-eCYdqJ cOVyoi"
          >
            <div
              className="sc-gKXOVf fEjCKH"
            >
              <div
                className="sc-jSMfEi HLfgd"
              >
                ML
              </div>
            </div>
            <div
              className="sc-gKXOVf fEjCKH"
            >
              <div
                className="sc-jSMfEi HLfgd"
              >
                Python
              </div>
            </div>
            <div
              className="sc-gKXOVf fEjCKH"
            >
              <div
                className="sc-jSMfEi HLfgd"
              >
                Panda
              </div>
            </div>
            <div
              className="sc-gKXOVf fEjCKH"
            >
              <div
                className="sc-jSMfEi HLfgd"
              >
                PySpark
              </div>
            </div>
          </div>
          <div
            className="sc-hKMtZM eGuSOs"
          >
            we are a team of ex-FAAN and current FAANg employees with an average of 11 years experience building and scaling products like Instagram an Gmail...
          </div>
        </div>
      </div>
      <div
        className="sc-iBkjds hVTIFc"
      >
        <div
          className="sc-ftvSup kehjnd"
        >
          <img
            className="sc-papXJ fzcPpE"
            src="https://i.pravatar.cc/302"
          />
          <div
            className="sc-jqUVSM iaQgZy"
          >
            <div
              className="sc-kDDrLX gddrLK"
            >
              Peter
            </div>
            <div
              className="sc-iqcoie dsTMCd"
            >
              - Senior AWS Cloud Engineer
            </div>
          </div>
        </div>
        <div
          className="sc-ftvSup kehjnd"
        >
          <img
            className="sc-papXJ fzcPpE"
            src="https://i.pravatar.cc/303"
          />
          <div
            className="sc-jqUVSM iaQgZy"
          >
            <div
              className="sc-kDDrLX gddrLK"
            >
              Naga
            </div>
            <div
              className="sc-iqcoie dsTMCd"
            >
              - Junior AWS Cloud Engineer
            </div>
          </div>
        </div>
      </div>
    </div>
    <hr />
  </div>
  <div
    className="container-center-horizontal"
  >
    <div
      className="teamcard screen"
    >
      <div
        className="sc-bczRLJ iahzGo"
      >
        <div
          className="sc-gsnTZi crCdMa"
        >
          <h1
            className="sc-dkzDqf jjMDAG"
          >
            React Team
          </h1>
          <div
            className="sc-eCYdqJ cOVyoi"
          >
            <div
              className="sc-gKXOVf fEjCKH"
            >
              <div
                className="sc-jSMfEi HLfgd"
              >
                AWS
              </div>
            </div>
            <div
              className="sc-gKXOVf fEjCKH"
            >
              <div
                className="sc-jSMfEi HLfgd"
              >
                IaC
              </div>
            </div>
          </div>
          <div
            className="sc-hKMtZM eGuSOs"
          >
            we are nice ...
          </div>
        </div>
      </div>
      <div
        className="sc-iBkjds hVTIFc"
      >
        <div
          className="sc-ftvSup kehjnd"
        >
          <img
            className="sc-papXJ fzcPpE"
            src="https://i.pravatar.cc/304"
          />
          <div
            className="sc-jqUVSM iaQgZy"
          >
            <div
              className="sc-kDDrLX gddrLK"
            >
              Ben-Hur
            </div>
            <div
              className="sc-iqcoie dsTMCd"
            >
              - Senior React Engineer
            </div>
          </div>
        </div>
        <div
          className="sc-ftvSup kehjnd"
        >
          <img
            className="sc-papXJ fzcPpE"
            src="https://i.pravatar.cc/305"
          />
          <div
            className="sc-jqUVSM iaQgZy"
          >
            <div
              className="sc-kDDrLX gddrLK"
            >
              Martin
            </div>
            <div
              className="sc-iqcoie dsTMCd"
            >
              - Junior React Engineer
            </div>
          </div>
        </div>
      </div>
    </div>
    <hr />
  </div>
</div>
`;
