// Jest Snapshot v1, https://goo.gl/fbAQLP

exports[`<PhotoMiniMap /> renders correctly. 1`] = `
<ForwardRef
  height={100}
  scaleX={0.1}
  scaleY={0.1}
  style={
    Object {
      "width": 100,
    }
  }
  width={100}
>
  <Layer
    id="viewbox"
  >
    <Image
      height={1000}
      width={1000}
      x={0}
      y={0}
    />
    <Rect
      cornerRadius={80}
      draggable={false}
      fill="#E86339"
      height={Infinity}
      onDragMove={[Function]}
      opacity={0.5}
      width={Infinity}
      x={NaN}
      y={NaN}
    />
  </Layer>
</ForwardRef>
`;
