// Jest Snapshot v1, https://goo.gl/fbAQLP

exports[`<NoDataView /> renders correctly. 1`] = `
<styled.div>
  <styled.div>
    <styled.div>
      <ForwardRef(SvgWarning) />
    </styled.div>
    <Styled(Typography)
      fontWeight="bold"
      variant="h5"
    >
      No data available
    </Styled(Typography)>
    <Styled(Typography)
      color="gray"
      variant="body2"
    >
      There is no data available for this time range. Please, select a different one to continue.
    </Styled(Typography)>
    <CropCycleMenu
      current={
        Object {
          "end": 2022-03-14T00:00:00.000Z,
          "start": 2022-03-01T00:00:00.000Z,
        }
      }
      defaultLabel={<ForwardRef(SvgCalendarDropdown) />}
      isInvalid={false}
      onSelectRange={[MockFunction]}
      whole={
        Object {
          "end": 2022-02-14T00:00:00.000Z,
          "start": 2022-03-12T00:00:00.000Z,
        }
      }
    />
  </styled.div>
</styled.div>
`;
