// Jest Snapshot v1, https://goo.gl/fbAQLP

exports[`<MeasurementCard /> renders correctly. 1`] = `
<styled.div
  style={
    Object {
      "color": "#F48E42",
    }
  }
>
  <styled.div
    color="#F48E42"
  >
    <ForwardRef(SvgHumidityIcon) />
  </styled.div>
  <styled.div>
    Humidity
  </styled.div>
  <styled.div>
    <styled.div>
      30
    </styled.div>
    <styled.span>
      %
    </styled.span>
  </styled.div>
</styled.div>
`;
