// Jest Snapshot v1, https://goo.gl/fbAQLP

exports[`<NonAuthLayout /> renders correctly. 1`] = `
<styled.div
  height={0}
>
  <styled.div>
    <styled.div>
      <styled.img
        alt="background"
        isMobile={false}
        src="background.png"
      />
    </styled.div>
    <styled.img
      src="logo.svg"
    />
    <styled.div>
      <styled.div>
        Let’s grow together
      </styled.div>
    </styled.div>
    <React.Fragment>
      <styled.div>
        <img
          src="facebook.svg"
        />
        <img
          src="twitter.svg"
        />
        <img
          src="linkedin.svg"
        />
        <img
          src="instagram.svg"
        />
      </styled.div>
      <styled.div>
        © 2022 Neatleaf.
      </styled.div>
    </React.Fragment>
  </styled.div>
  <styled.div>
    Auth Layout
  </styled.div>
</styled.div>
`;
