// Jest Snapshot v1, https://goo.gl/fbAQLP

exports[`<PasswordRules /> renders correctly. 1`] = `
<styled.ul>
  <styled.li>
    <styled.span
      disabled={true}
    >
      <ForwardRef(SvgCheck) />
    </styled.span>
    <Typography
      variant="body1"
    >
      Password must match
    </Typography>
  </styled.li>
  <styled.li>
    <styled.span
      disabled={false}
    >
      <ForwardRef(SvgCheck) />
    </styled.span>
    <Typography
      variant="body1"
    >
      At least 8 characters
    </Typography>
  </styled.li>
  <styled.li>
    <styled.span
      disabled={true}
    >
      <ForwardRef(SvgCheck) />
    </styled.span>
    <Typography
      variant="body1"
    >
      Must contain at least one upper case letter
    </Typography>
  </styled.li>
  <styled.li>
    <styled.span
      disabled={false}
    >
      <ForwardRef(SvgCheck) />
    </styled.span>
    <Typography
      variant="body1"
    >
      Must contain at least one special character
    </Typography>
  </styled.li>
  <styled.li>
    <styled.span
      disabled={true}
    >
      <ForwardRef(SvgCheck) />
    </styled.span>
    <Typography
      variant="body1"
    >
      Must contain at least one number
    </Typography>
  </styled.li>
</styled.ul>
`;
