// Jest Snapshot v1, https://goo.gl/fbAQLP

exports[`<PasswordChangedDialog /> renders correctly. 1`] = `
<Styled(WithStyles(ForwardRef(Dialog)))
  aria-label="Password Changed"
  onClose={[MockFunction]}
  open={true}
>
  <Styled(WithStyles(ForwardRef(DialogContent)))>
    <ForwardRef(SvgNotification) />
    <Typography
      variant="h6"
    >
      Password changed!
    </Typography>
  </Styled(WithStyles(ForwardRef(DialogContent)))>
  <Styled(WithStyles(ForwardRef(DialogActions)))>
    <Button
      color="secondary"
      fullWidth={true}
      onClick={[MockFunction]}
    >
      Continue
    </Button>
  </Styled(WithStyles(ForwardRef(DialogActions)))>
</Styled(WithStyles(ForwardRef(Dialog)))>
`;
