// Jest Snapshot v1, https://goo.gl/fbAQLP

exports[`<MobileLayout /> renders correctly. 1`] = `
<styled.div
  isMobile={false}
>
  <styled.div
    isSideBarOpen={false}
  >
    <NavigationBar
      isSideBarOpen={false}
      onMenuClick={[Function]}
    />
    <styled.div />
  </styled.div>
</styled.div>
`;
